V3 3
FL //narrhavas/fforest/tp_numerique/balise/vhdl.vhd 2009/10/20.12:04:31 I.34
EN work/balise 1256029084          FL //narrhavas/fforest/tp_numerique/balise/vhdl.vhd \
      PB ieee/std_logic_1164 1155947332 PH ieee/NUMERIC_STD 1155947343 \
      PB ieee/STD_LOGIC_UNSIGNED 1155947338
AR work/balise/test 1256029085     FL //narrhavas/fforest/tp_numerique/balise/vhdl.vhd \
      EN work/balise 1256029084
